using System;
using System.Collections.Generic;

namespace E2ETest.Namespace
{
    public partial class AllDataTypes
    {
        public int AllDataTypesId { get; set; }
        public int BigintColumn { get; set; }
        public bool BitColumn { get; set; }
        public decimal DecimalColumn { get; set; }
        public int IntColumn { get; set; }
        public decimal MoneyColumn { get; set; }
        public decimal NumericColumn { get; set; }
        public short SmallintColumn { get; set; }
        public decimal SmallmoneyColumn { get; set; }
        public byte TinyintColumn { get; set; }
        public double FloatColumn { get; set; }
        public float? RealColumn { get; set; }
        public DateTime DateColumn { get; set; }
        public DateTime? DatetimeColumn { get; set; }
        public DateTime? Datetime2Column { get; set; }
        public DateTime? Datetime24Column { get; set; }
        public DateTime? DatetimeoffsetColumn { get; set; }
        public DateTime? Datetimeoffset5Column { get; set; }
        public DateTime? SmalldatetimeColumn { get; set; }
        public DateTime? TimeColumn { get; set; }
        public DateTime? Time4Column { get; set; }
        public string CharColumn { get; set; }
        public string TextColumn { get; set; }
        public string VarcharColumn { get; set; }
        public string NcharColumn { get; set; }
        public string NtextColumn { get; set; }
        public string NvarcharColumn { get; set; }
        public byte[] BinaryColumn { get; set; }
        public byte[] ImageColumn { get; set; }
        public byte[] VarbinaryColumn { get; set; }
        public byte[] TimestampColumn { get; set; }
        public Guid? UniqueidentifierColumn { get; set; }
        public string HierarchyidColumn { get; set; }
        public string XmlColumn { get; set; }
        public string GeographyColumn { get; set; }
        public string GeometryColumn { get; set; }
    }
}
