using System;
using System.Collections.Generic;

namespace E2ETest.Namespace
{
    public partial class TableWithUnmappablePrimaryKeyColumn
    {
        public int TableWithUnmappablePrimaryKeyColumnId { get; set; }
        public string AnotherColumn { get; set; }
        public int? TableWithUnmappablePrimaryKeyColumnFk { get; set; }

        public ReferredToByTableWithUnmappablePrimaryKeyColumn TableWithUnmappablePrimaryKeyColumnFkNavigation { get; set; }
    }
}
