using System;
using System.Collections.Generic;
using System.ComponentModel.DataAnnotations;
using System.ComponentModel.DataAnnotations.Schema;

namespace E2ETest.Namespace.SubDir
{
    public partial class AllDataTypes
    {
        [Column("AllDataTypesID")]
        public int AllDataTypesId { get; set; }
        [Column("bigintColumn")]
        public int BigintColumn { get; set; }
        [Column("bitColumn", TypeName = "bit")]
        public bool BitColumn { get; set; }
        [Column("decimalColumn", TypeName = "decimal(18, 0)")]
        public decimal DecimalColumn { get; set; }
        [Column("intColumn")]
        public int IntColumn { get; set; }
        [Column("moneyColumn", TypeName = "decimal(19, 0)")]
        public decimal MoneyColumn { get; set; }
        [Column("numericColumn", TypeName = "decimal(18, 0)")]
        public decimal NumericColumn { get; set; }
        [Column("smallintColumn")]
        public short SmallintColumn { get; set; }
        [Column("smallmoneyColumn", TypeName = "decimal(19, 0)")]
        public decimal SmallmoneyColumn { get; set; }
        [Column("tinyintColumn")]
        public byte TinyintColumn { get; set; }
        [Column("floatColumn")]
        public double FloatColumn { get; set; }
        [Column("realColumn")]
        public float? RealColumn { get; set; }
        [Column("dateColumn")]
        public DateTime DateColumn { get; set; }
        [Column("datetimeColumn")]
        public DateTime? DatetimeColumn { get; set; }
        [Column("datetime2Column")]
        public DateTime? Datetime2Column { get; set; }
        [Column("datetime24Column")]
        public DateTime? Datetime24Column { get; set; }
        [Column("datetimeoffsetColumn")]
        public DateTime? DatetimeoffsetColumn { get; set; }
        [Column("datetimeoffset5Column")]
        public DateTime? Datetimeoffset5Column { get; set; }
        [Column("smalldatetimeColumn")]
        public DateTime? SmalldatetimeColumn { get; set; }
        [Column("timeColumn")]
        public DateTime? TimeColumn { get; set; }
        [Column("time4Column")]
        public DateTime? Time4Column { get; set; }
        [Column("charColumn", TypeName = "char(255)")]
        public string CharColumn { get; set; }
        [Column("textColumn")]
        public string TextColumn { get; set; }
        [Column("varcharColumn")]
        [StringLength(255)]
        public string VarcharColumn { get; set; }
        [Column("ncharColumn", TypeName = "char(255)")]
        public string NcharColumn { get; set; }
        [Column("ntextColumn")]
        public string NtextColumn { get; set; }
        [Column("nvarcharColumn")]
        [StringLength(255)]
        public string NvarcharColumn { get; set; }
        [Column("binaryColumn")]
        [MaxLength(510)]
        public byte[] BinaryColumn { get; set; }
        [Column("imageColumn")]
        public byte[] ImageColumn { get; set; }
        [Column("varbinaryColumn")]
        [MaxLength(510)]
        public byte[] VarbinaryColumn { get; set; }
        [Column("timestampColumn")]
        [MaxLength(8)]
        public byte[] TimestampColumn { get; set; }
        [Column("uniqueidentifierColumn")]
        public Guid? UniqueidentifierColumn { get; set; }
        [Column("hierarchyidColumn")]
        public string HierarchyidColumn { get; set; }
        [Column("xmlColumn")]
        public string XmlColumn { get; set; }
        [Column("geographyColumn")]
        public string GeographyColumn { get; set; }
        [Column("geometryColumn")]
        public string GeometryColumn { get; set; }
    }
}
