using System;
using System.Collections.Generic;
using System.ComponentModel.DataAnnotations;
using System.ComponentModel.DataAnnotations.Schema;

namespace E2ETest.Namespace.SubDir
{
    [Table("OneToOneSeparateFKPrincipal")]
    public partial class OneToOneSeparateFkprincipal
    {
        public OneToOneSeparateFkprincipal()
        {
            OneToOneSeparateFkdependent = new HashSet<OneToOneSeparateFkdependent>();
        }

        [Column("OneToOneSeparateFKPrincipalID1")]
        public int OneToOneSeparateFkprincipalId1 { get; set; }
        [Column("OneToOneSeparateFKPrincipalID2")]
        public int OneToOneSeparateFkprincipalId2 { get; set; }
        [Required]
        [Column("SomeOneToOneSeparateFKPrincipalColumn")]
        [StringLength(20)]
        public string SomeOneToOneSeparateFkprincipalColumn { get; set; }

        [InverseProperty("OneToOneSeparateFkdependentFk")]
        public ICollection<OneToOneSeparateFkdependent> OneToOneSeparateFkdependent { get; set; }
    }
}
